
> nextn@0.1.0 test:full
> playwright test tests/e2e/complete-transaction-cycle.spec.ts


Running 1 test using 1 worker

--- START: Job Giver posts a new job ---
[AuthHelper] Login attempt 1/3 for jobgiver@example.com
BROWSER CONSOLE: log: [FirebaseClientProvider] Initialized with Project ID: studio-1890574003-16f26
BROWSER CONSOLE: log: [UserProvider] Checking user doc for 3F57cD1CsGRnEMOOqDLY1tdNyCw1
BROWSER CONSOLE: log: [UserProvider] Initial getDoc result exists: true
[AuthHelper] Login successful for jobgiver@example.com
BROWSER CONSOLE: log: [FirebaseClientProvider] Initialized with Project ID: studio-1890574003-16f26
BROWSER CONSOLE: log: [UserProvider] Checking user doc for 3F57cD1CsGRnEMOOqDLY1tdNyCw1
Test: Post Job page loaded. Current URL: http://localhost:3006/dashboard/post-job
BROWSER CONSOLE: log: [UserProvider] Initial getDoc result exists: true
Test: Page heading found.
Test: Form found.
Test: Looking for job-category-select...
Test: job-category-select is visible. Clicking it...
Test: Waiting for category option...
Test: Category "New Installation" selected.
Test: Filling job description...
Test: Filling pincode...
Test: Selecting Post Office...
Test: Current location trigger value: Select Post Office
Test: Post Office not auto-selected. Attempting to click...
Test: Post Office selected manually.
Test: Filling address details...
Test: Setting dates...
Test: Filling budget...
Test: Clicking Post Job button...
BROWSER CONSOLE: warning: As of February 21st, 2024, google.maps.Marker is deprecated. Please use google.maps.marker.AdvancedMarkerElement instead. At this time, google.maps.Marker is not scheduled to be discontinued, but google.maps.marker.AdvancedMarkerElement is recommended over google.maps.Marker. While google.maps.Marker will continue to receive bug fixes for any major regressions, existing bugs in google.maps.Marker will not be addressed. At least 12 months notice will be given before support is discontinued. Please see https://developers.google.com/maps/deprecations for additional details and https://developers.google.com/maps/documentation/javascript/advanced-markers/migration for the migration guide.
node.exe : Test: Validation errors found BEFORE submission: [ [32m''[39m ]
At line:1 char:1
+ & "C:\Program Files\nodejs/node.exe" "C:\Program Files\nodejs/node_mo ...
+ ~~~~~~~~~~~~~~~~~~~~~~~~~~~~~~~~~~~~~~~~~~~~~~~~~~~~~~~~~~~~~~~~~~~~~
    + CategoryInfo          : NotSpecified: (Test: Validatio... [32m''[39m ]:String) [], RemoteException
    + FullyQualifiedErrorId : NativeCommandError
 
Test: Attempting to click "Post Job" button via evaluate...
BROWSER CONSOLE: log: Test: All data-testids on page: [user-menu-trigger, job-category-select, job-description-input, min-budget-input, max-budget-input, post-job-button]
BROWSER CONSOLE: log: Test: Clicking button via JS eval: Post Job
BROWSER CONSOLE: log: HandleSubmitClick triggered
BROWSER CONSOLE: log: Form submission started with values: {jobTitle: Install 4 CCTV Cameras for Retail Shop - 1766591551417, jobDescription: Need professional installation of 4 outdoor cameraΓÇªnce, cash counter, storage area, and parking lot., jobCategory: new-installation, skills: CCTV Installation, Wiring, DVR Configuration, travelTip: 0}
TEST: Captured Job ID: JOB-20251224-4CV5
BROWSER CONSOLE: log: Creating new job with ID: JOB-20251224-4CV5
BROWSER CONSOLE: log: Saving job to Firestore: {title: Install 4 CCTV Cameras for Retail Shop - 1766591551417, description: Need professional installation of 4 outdoor cameraΓÇªnce, cash counter, storage area, and parking lot., jobCategory: new-installation, skills: Array(3), travelTip: 0}
Test: Post Job button click triggered via evaluate.
Test: Toast appeared: ""
Test: Post Job button clicked at http://localhost:3006/dashboard/post-job. Waiting for redirect...
BROWSER CONSOLE: log: Job saved successfully!
BROWSER CONSOLE: log: Redirecting to job detail page /dashboard/jobs/JOB-20251224-4CV5 via location.assign...
BROWSER CONSOLE: log: Form submission completed
BROWSER CONSOLE: log: [FirebaseClientProvider] Initialized with Project ID: studio-1890574003-16f26
Test: Redirected successfully to http://localhost:3006/dashboard/jobs/JOB-20251224-4CV5.
Test: Verifying job "Install 4 CCTV Cameras for Retail Shop - 1766591551417"...
Test: On Job Detail page, verifying title...
BROWSER CONSOLE: log: [UserProvider] Checking user doc for 3F57cD1CsGRnEMOOqDLY1tdNyCw1
BROWSER CONSOLE: log: [UserProvider] Initial getDoc result exists: true
Test: Part 1 complete. Job ID: JOB-20251224-4CV5
├ó┼ôΓÇª Part 1 Complete: Job Posted with ID: JOB-20251224-4CV5
[AuthHelper] Starting logout process...
[AuthHelper] Clicked user menu
[AuthHelper] Clicked logout button
APP: JobDetailClient: Missing job/user/storage {job: true, user: false, storage: true}
BROWSER CONSOLE: log: JobDetailClient: Missing job/user/storage {job: true, user: false, storage: true}
APP: JobDetailClient: Missing job/user/storage {job: true, user: false, storage: true}
BROWSER CONSOLE: log: JobDetailClient: Missing job/user/storage {job: true, user: false, storage: true}
BROWSER CONSOLE: error: Error listening to user document: FirebaseError: Missing or insufficient permissions.
[AuthHelper] Logout UI interaction failed, forcing navigation to login...
[AuthHelper] Logout failed: page.waitForURL: Timeout 30000ms exceeded.
=========================== logs ===========================
waiting for navigation to "**/login**" until "load"
============================================================
    at AuthHelper.logout [90m(C:\Users\hp\Documents\DoDo\[39mtests\utils\helpers.ts:125:33[90m)[39m
    at [90mC:\Users\hp\Documents\DoDo\[39mtests\e2e\complete-transaction-cycle.spec.ts:242:9 {
  name: [32m'TimeoutError'[39m,
  [32mSymbol(step)[39m: {
    location: {
      file: [32m'C:\\Users\\hp\\Documents\\DoDo\\tests\\utils\\helpers.ts'[39m,
      line: [33m125[39m,
      column: [33m33[39m,
      function: [32m'AuthHelper.logout'[39m
    },
    category: [32m'pw:api'[39m,
    title: [32m'Wait for navigation'[39m,
    apiName: [32m'page.waitForURL'[39m,
    params: { info: [36m[Object][39m },
    group: [90mundefined[39m,
    stepId: [32m'pw:api@94'[39m,
    boxedStack: [90mundefined[39m,
    steps: [],
    attachmentIndices: [],
    info: TestStepInfoImpl {
      annotations: [],
      _testInfo: [36m[TestInfoImpl][39m,
      _stepId: [32m'pw:api@94'[39m,
      _title: [32m'Wait for navigation'[39m,
      _parentStep: [90mundefined[39m,
      skip: [36m[Function (anonymous)][39m
    },
    complete: [36m[Function: complete][39m,
    endWallTime: [33m1766591594723[39m,
    error: {
      message: [32m'TimeoutError: page.waitForURL: Timeout 30000ms exceeded.\n'[39m +
        [32m'=========================== logs ===========================\n'[39m +
        [32m'waiting for navigation to "**/login**" until "load"\n'[39m +
        [32m'============================================================'[39m,
      stack: [32m'TimeoutError: page.waitForURL: Timeout 30000ms exceeded.\n'[39m +
        [32m'=========================== logs ===========================\n'[39m +
        [32m'waiting for navigation to "**/login**" until "load"\n'[39m +
        [32m'============================================================\n'[39m +
        [32m'    at AuthHelper.logout (C:\\Users\\hp\\Documents\\DoDo\\tests\\utils\\helpers.ts:125:33)\n'[39m +
        [32m'    at C:\\Users\\hp\\Documents\\DoDo\\tests\\e2e\\complete-transaction-cycle.spec.ts:242:9'[39m,
      cause: [90mundefined[39m
    }
  }
}
BROWSER CONSOLE: log: [FirebaseClientProvider] Initialized with Project ID: studio-1890574003-16f26
[AuthHelper] Clearing auth persistence...
BROWSER CONSOLE: log: [FirebaseClientProvider] Initialized with Project ID: studio-1890574003-16f26
--- START: Installer places a bid ---
[AuthHelper] Login attempt 1/3 for installer@example.com
BROWSER CONSOLE: log: [FirebaseClientProvider] Initialized with Project ID: studio-1890574003-16f26
BROWSER CONSOLE: log: [UserProvider] Checking user doc for EaqcRGzTyESfXAtFOcWegv8rzLI2
BROWSER CONSOLE: log: [UserProvider] Initial getDoc result exists: true
[AuthHelper] Login successful for installer@example.com
Test: Navigating directly to job page: JOB-20251224-4CV5...
BROWSER CONSOLE: log: [FirebaseClientProvider] Initialized with Project ID: studio-1890574003-16f26
Test: Verifying Job Detail Page...
Test: Waiting for job title to appear: "Install 4 CCTV Cameras for Retail Shop - 1766591551417"
BROWSER CONSOLE: log: [FirebaseClientProvider] Initialized with Project ID: studio-1890574003-16f26
BROWSER CONSOLE: log: [FirebaseClientProvider] Initialized with Project ID: studio-1890574003-16f26
BROWSER CONSOLE: log: [FirebaseClientProvider] Initialized with Project ID: studio-1890574003-16f26
BROWSER CONSOLE: log: [FirebaseClientProvider] Initialized with Project ID: studio-1890574003-16f26
BROWSER CONSOLE: log: [FirebaseClientProvider] Initialized with Project ID: studio-1890574003-16f26
BROWSER CONSOLE: log: [FirebaseClientProvider] Initialized with Project ID: studio-1890574003-16f26
BROWSER CONSOLE: log: [FirebaseClientProvider] Initialized with Project ID: studio-1890574003-16f26
BROWSER CONSOLE: log: [FirebaseClientProvider] Initialized with Project ID: studio-1890574003-16f26
BROWSER CONSOLE: log: [FirebaseClientProvider] Initialized with Project ID: studio-1890574003-16f26
BROWSER CONSOLE: log: [FirebaseClientProvider] Initialized with Project ID: studio-1890574003-16f26
BROWSER CONSOLE: log: [FirebaseClientProvider] Initialized with Project ID: studio-1890574003-16f26
BROWSER CONSOLE: log: [FirebaseClientProvider] Initialized with Project ID: studio-1890574003-16f26
BROWSER CONSOLE: log: [FirebaseClientProvider] Initialized with Project ID: studio-1890574003-16f26
BROWSER CONSOLE: log: [FirebaseClientProvider] Initialized with Project ID: studio-1890574003-16f26
BROWSER CONSOLE: log: [FirebaseClientProvider] Initialized with Project ID: studio-1890574003-16f26
BROWSER CONSOLE: log: [FirebaseClientProvider] Initialized with Project ID: studio-1890574003-16f26
BROWSER CONSOLE: log: [FirebaseClientProvider] Initialized with Project ID: studio-1890574003-16f26
BROWSER CONSOLE: log: [FirebaseClientProvider] Initialized with Project ID: studio-1890574003-16f26
BROWSER CONSOLE: log: [FirebaseClientProvider] Initialized with Project ID: studio-1890574003-16f26
BROWSER CONSOLE: log: [FirebaseClientProvider] Initialized with Project ID: studio-1890574003-16f26
BROWSER CONSOLE: log: [FirebaseClientProvider] Initialized with Project ID: studio-1890574003-16f26
BROWSER CONSOLE: log: [FirebaseClientProvider] Initialized with Project ID: studio-1890574003-16f26
BROWSER CONSOLE: log: [FirebaseClientProvider] Initialized with Project ID: studio-1890574003-16f26
BROWSER CONSOLE: log: [FirebaseClientProvider] Initialized with Project ID: studio-1890574003-16f26
BROWSER CONSOLE: log: [FirebaseClientProvider] Initialized with Project ID: studio-1890574003-16f26
BROWSER CONSOLE: log: [FirebaseClientProvider] Initialized with Project ID: studio-1890574003-16f26
BROWSER CONSOLE: log: [FirebaseClientProvider] Initialized with Project ID: studio-1890574003-16f26
BROWSER CONSOLE: log: [FirebaseClientProvider] Initialized with Project ID: studio-1890574003-16f26
BROWSER CONSOLE: log: [UserProvider] Checking user doc for EaqcRGzTyESfXAtFOcWegv8rzLI2
BROWSER CONSOLE: log: [UserProvider] Initial getDoc result exists: true
Test: Job details verified
Test: Clicking Place Bid button...
Test: Place Bid button clicked
Test: Filling bid form...
Test: Clicking Submit Bid button...
APP: JobDetailClient: handlePlaceBid called {bidAmount: 7500, bidProposal: I have 5+ years of experience in CCTV installationΓÇªwork and provide 1-year warranty on installation.}
BROWSER CONSOLE: log: JobDetailClient: handlePlaceBid called {bidAmount: 7500, bidProposal: I have 5+ years of experience in CCTV installationΓÇªwork and provide 1-year warranty on installation.}
BROWSER CONSOLE: log: Placing bid with payload: {bids: oC, bidderIds: oC}
Test: Submit Bid button clicked
BROWSER CONSOLE: log: Bid updated in Firestore
Test: Toast appeared: "Bid Placed!"
BROWSER CONSOLE: log: [FirebaseClientProvider] Initialized with Project ID: studio-1890574003-16f26
BROWSER CONSOLE: log: [UserProvider] Checking user doc for EaqcRGzTyESfXAtFOcWegv8rzLI2
BROWSER CONSOLE: log: [UserProvider] Initial getDoc result exists: true
├ó┼ôΓÇª Phase 2 Complete: Bid placed on job
[AuthHelper] Starting logout process...
[AuthHelper] Clicked user menu
[AuthHelper] Clicked logout button
[AuthHelper] Redirected to login page
[AuthHelper] Clearing auth persistence...
BROWSER CONSOLE: log: [FirebaseClientProvider] Initialized with Project ID: studio-1890574003-16f26
--- START: Job Giver awards job ---
[AuthHelper] Login attempt 1/3 for jobgiver@example.com
BROWSER CONSOLE: log: [FirebaseClientProvider] Initialized with Project ID: studio-1890574003-16f26
BROWSER CONSOLE: log: [UserProvider] Checking user doc for 3F57cD1CsGRnEMOOqDLY1tdNyCw1
BROWSER CONSOLE: log: [UserProvider] Initial getDoc result exists: true
[AuthHelper] Login successful for jobgiver@example.com
BROWSER CONSOLE: log: [FirebaseClientProvider] Initialized with Project ID: studio-1890574003-16f26
BROWSER CONSOLE: log: [UserProvider] Checking user doc for 3F57cD1CsGRnEMOOqDLY1tdNyCw1
BROWSER CONSOLE: log: [UserProvider] Initial getDoc result exists: true
Test: Navigating to Bids section...
Test: Clicking Close Bidding button...
Test: Confirming Close Bidding...
├ó┼ôΓÇª Bidding closed successfully
Test: Selecting installer for award...
BROWSER CONSOLE: log: Sending job update: {
  "status": "Awarded",
  "selectedInstallers": [
    {
      "installerId": "EaqcRGzTyESfXAtFOcWegv8rzLI2",
      "rank": 1
    }
  ],
  "acceptanceDeadline": "2025-12-25T15:53:28.374Z"
}
├ó┼ôΓÇª Phase 3 Complete: Job awarded to installer
[AuthHelper] Starting logout process...
[AuthHelper] Logout UI interaction failed, forcing navigation to login...
[AuthHelper] Logout failed: locator.waitFor: Timeout 5000ms exceeded.
Call log:
[2m  - waiting for locator('[data-testid="user-menu-trigger"]').or(locator('button.rounded-full:has(img)')).or(locator
('button:has(.rounded-full)')).first() to be visible[22m

    at AuthHelper.logout [90m(C:\Users\hp\Documents\DoDo\[39mtests\utils\helpers.ts:109:32[90m)[39m
    at [90mC:\Users\hp\Documents\DoDo\[39mtests\e2e\complete-transaction-cycle.spec.ts:356:27 {
  name: [32m'TimeoutError'[39m,
  [32mSymbol(step)[39m: {
    location: {
      file: [32m'C:\\Users\\hp\\Documents\\DoDo\\tests\\utils\\helpers.ts'[39m,
      line: [33m109[39m,
      column: [33m32[39m,
      function: [32m'AuthHelper.logout'[39m
    },
    category: [32m'pw:api'[39m,
    title: [32m`Wait for selector locator('[data-testid="user-menu-trigger"]').or(locator('button.rounded-full:has(img
)')).or(locator('button:has(.rounded-full)')).first()`[39m,
    apiName: [32m'locator.waitFor'[39m,
    params: {
      selector: [32m'[data-testid="user-menu-trigger"] >> internal:or="button.rounded-full:has(img)" >> 
internal:or="button:has(.rounded-full)" >> nth=0'[39m,
      strict: [33mtrue[39m,
      omitReturnValue: [33mtrue[39m,
      state: [32m'visible'[39m,
      timeout: [33m5000[39m
    },
    group: [90mundefined[39m,
    stepId: [32m'pw:api@159'[39m,
    boxedStack: [90mundefined[39m,
    steps: [],
    attachmentIndices: [],
    info: TestStepInfoImpl {
      annotations: [],
      _testInfo: [36m[TestInfoImpl][39m,
      _stepId: [32m'pw:api@159'[39m,
      _title: [32m`Wait for selector locator('[data-testid="user-menu-trigger"]').or(locator('button.rounded-full:has(
img)')).or(locator('button:has(.rounded-full)')).first()`[39m,
      _parentStep: [90mundefined[39m,
      skip: [36m[Function (anonymous)][39m
    },
    complete: [36m[Function: complete][39m,
    endWallTime: [33m1766591618419[39m,
    error: {
      message: [32m'TimeoutError: locator.waitFor: Timeout 5000ms exceeded.\n'[39m +
        [32m'Call log:\n'[39m +
        [32m`\x1B[2m  - waiting for locator('[data-testid="user-menu-trigger"]').or(locator('button.rounded-full:has(i
mg)')).or(locator('button:has(.rounded-full)')).first() to be visible\x1B[22m\n`[39m,
      stack: [32m'TimeoutError: locator.waitFor: Timeout 5000ms exceeded.\n'[39m +
        [32m'Call log:\n'[39m +
        [32m`\x1B[2m  - waiting for locator('[data-testid="user-menu-trigger"]').or(locator('button.rounded-full:has(i
mg)')).or(locator('button:has(.rounded-full)')).first() to be visible\x1B[22m\n`[39m +
        [32m'\n'[39m +
        [32m'    at AuthHelper.logout (C:\\Users\\hp\\Documents\\DoDo\\tests\\utils\\helpers.ts:109:32)\n'[39m +
        [32m'    at C:\\Users\\hp\\Documents\\DoDo\\tests\\e2e\\complete-transaction-cycle.spec.ts:356:27'[39m,
      cause: [90mundefined[39m
    }
  }
}
BROWSER CONSOLE: log: [FirebaseClientProvider] Initialized with Project ID: studio-1890574003-16f26
[AuthHelper] Clearing auth persistence...
BROWSER CONSOLE: log: [FirebaseClientProvider] Initialized with Project ID: studio-1890574003-16f26
--- START: Installer accepts offer ---
[AuthHelper] Login attempt 1/3 for installer@example.com
BROWSER CONSOLE: log: [FirebaseClientProvider] Initialized with Project ID: studio-1890574003-16f26
BROWSER CONSOLE: log: [UserProvider] Checking user doc for EaqcRGzTyESfXAtFOcWegv8rzLI2
BROWSER CONSOLE: log: [UserProvider] Initial getDoc result exists: true
[AuthHelper] Login successful for installer@example.com
BROWSER CONSOLE: log: [FirebaseClientProvider] Initialized with Project ID: studio-1890574003-16f26
BROWSER CONSOLE: log: [UserProvider] Checking user doc for EaqcRGzTyESfXAtFOcWegv8rzLI2
BROWSER CONSOLE: log: [UserProvider] Initial getDoc result exists: true
  x  1 [chromium] ΓÇ║ tests\e2e\complete-transaction-cycle.spec.ts:32:9 ΓÇ║ Complete Transaction Cycle E2E ΓÇ║ Complete Transaction Cycle: Job Giver posts Job and Installer bids (1.7m)


  1) [chromium] ΓÇ║ tests\e2e\complete-transaction-cycle.spec.ts:32:9 ΓÇ║ Complete Transaction Cycle E2E ΓÇ║ Complete Transaction Cycle: Job Giver posts Job and Installer bids 

    Error: [2mexpect([22m[31mlocator[39m[2m).[22mtoBeVisible[2m([22m[2m)[22m failed

    Locator: locator('text=Pending Funding, [data-status="Pending Funding"]').first()
    Expected: visible
    Timeout: 30000ms
    Error: element(s) not found

    Call log:
    [2m  - Expect "toBeVisible" with timeout 30000ms[22m
    [2m  - waiting for locator('text=Pending Funding, [data-status="Pending Funding"]').first()[22m


       at ..\utils\helpers.ts:246

      244 |     async waitForJobStatus(status: string, timeout = TIMEOUTS.long) {
      245 |         await expect(this.page.locator(`text=${status}, [data-status="${status}"]`).first())
    > 246 |             .toBeVisible({ timeout });
          |              ^
      247 |     }
      248 |
      249 |     async getJobStatus(): Promise<string> {
        at JobHelper.waitForJobStatus (C:\Users\hp\Documents\DoDo\tests\utils\helpers.ts:246:14)
        at C:\Users\hp\Documents\DoDo\tests\e2e\complete-transaction-cycle.spec.ts:385:26

    attachment #1: screenshot (image/png) ΓöÇΓöÇΓöÇΓöÇΓöÇΓöÇΓöÇΓöÇΓöÇΓöÇΓöÇΓöÇΓöÇΓöÇΓöÇΓöÇΓöÇΓöÇΓöÇΓöÇΓöÇΓöÇΓöÇΓöÇΓöÇΓöÇΓöÇΓöÇΓöÇΓöÇΓöÇΓöÇΓöÇΓöÇΓöÇΓöÇΓöÇΓöÇΓöÇΓöÇΓöÇΓöÇΓöÇΓöÇΓöÇΓöÇΓöÇΓöÇΓöÇΓöÇΓöÇΓöÇΓöÇΓöÇΓöÇΓöÇΓöÇΓöÇ
    test-results\complete-transaction-cycle-bb811-osts-Job-and-Installer-bids-chromium\test-failed-1.png
    ΓöÇΓöÇΓöÇΓöÇΓöÇΓöÇΓöÇΓöÇΓöÇΓöÇΓöÇΓöÇΓöÇΓöÇΓöÇΓöÇΓöÇΓöÇΓöÇΓöÇΓöÇΓöÇΓöÇΓöÇΓöÇΓöÇΓöÇΓöÇΓöÇΓöÇΓöÇΓöÇΓöÇΓöÇΓöÇΓöÇΓöÇΓöÇΓöÇΓöÇΓöÇΓöÇΓöÇΓöÇΓöÇΓöÇΓöÇΓöÇΓöÇΓöÇΓöÇΓöÇΓöÇΓöÇΓöÇΓöÇΓöÇΓöÇΓöÇΓöÇΓöÇΓöÇΓöÇΓöÇΓöÇΓöÇΓöÇΓöÇΓöÇΓöÇΓöÇΓöÇΓöÇΓöÇΓöÇΓöÇΓöÇΓöÇΓöÇΓöÇΓöÇΓöÇΓöÇΓöÇΓöÇΓöÇΓöÇΓöÇΓöÇΓöÇΓöÇΓöÇΓöÇΓöÇΓöÇΓöÇ

    attachment #2: video (video/webm) ΓöÇΓöÇΓöÇΓöÇΓöÇΓöÇΓöÇΓöÇΓöÇΓöÇΓöÇΓöÇΓöÇΓöÇΓöÇΓöÇΓöÇΓöÇΓöÇΓöÇΓöÇΓöÇΓöÇΓöÇΓöÇΓöÇΓöÇΓöÇΓöÇΓöÇΓöÇΓöÇΓöÇΓöÇΓöÇΓöÇΓöÇΓöÇΓöÇΓöÇΓöÇΓöÇΓöÇΓöÇΓöÇΓöÇΓöÇΓöÇΓöÇΓöÇΓöÇΓöÇΓöÇΓöÇΓöÇΓöÇΓöÇΓöÇΓöÇΓöÇΓöÇΓöÇ
    test-results\complete-transaction-cycle-bb811-osts-Job-and-Installer-bids-chromium\video.webm
    ΓöÇΓöÇΓöÇΓöÇΓöÇΓöÇΓöÇΓöÇΓöÇΓöÇΓöÇΓöÇΓöÇΓöÇΓöÇΓöÇΓöÇΓöÇΓöÇΓöÇΓöÇΓöÇΓöÇΓöÇΓöÇΓöÇΓöÇΓöÇΓöÇΓöÇΓöÇΓöÇΓöÇΓöÇΓöÇΓöÇΓöÇΓöÇΓöÇΓöÇΓöÇΓöÇΓöÇΓöÇΓöÇΓöÇΓöÇΓöÇΓöÇΓöÇΓöÇΓöÇΓöÇΓöÇΓöÇΓöÇΓöÇΓöÇΓöÇΓöÇΓöÇΓöÇΓöÇΓöÇΓöÇΓöÇΓöÇΓöÇΓöÇΓöÇΓöÇΓöÇΓöÇΓöÇΓöÇΓöÇΓöÇΓöÇΓöÇΓöÇΓöÇΓöÇΓöÇΓöÇΓöÇΓöÇΓöÇΓöÇΓöÇΓöÇΓöÇΓöÇΓöÇΓöÇΓöÇΓöÇ

    Error Context: test-results\complete-transaction-cycle-bb811-osts-Job-and-Installer-bids-chromium\error-context.md

  1 failed
    [chromium] ΓÇ║ tests\e2e\complete-transaction-cycle.spec.ts:32:9 ΓÇ║ Complete Transaction Cycle E2E ΓÇ║ Complete Transaction Cycle: Job Giver posts Job and Installer bids 
